// Jest Snapshot v1, https://goo.gl/fbAQLP

exports[`the Genre container should render correctly 1`] = `
<DocumentFragment>
  <div
    data-testid="test"
  >
    <table>
      <tbody>
        <tr>
          <th>
            Item
          </th>
          <th>
            Price
          </th>
          <th>
            Quantity
          </th>
          <th>
            SubTotal
          </th>
        </tr>
      </tbody>
    </table>
  </div>
</DocumentFragment>
`;
